// Jest Snapshot v1, https://goo.gl/fbAQLP

exports[`Layout renders full viewport 1`] = `
.emotion-0 {
  width: 100vw;
  height: 100vh;
}

<div
  class="emotion-0"
>
  <div>
    Hello Portal Layout!
  </div>
</div>
`;
