// Jest Snapshot v1, https://goo.gl/fbAQLP

exports[`PortalProvider renders children 1`] = `
<div>
  Hello Portal Layout!
</div>
`;
